    Checking reactor v0.1.0 (D:\megaproj\omsk-membrane\reactor)
warning: unused import: `AtomicU32`
 --> reactor\src\io_pump.rs:2:35
  |
2 | use std::sync::atomic::{Ordering, AtomicU32};
  |                                   ^^^^^^^^^
  |
  = note: `#[warn(unused_imports)]` (part of `#[warn(unused)]`) on by default

error[E0451]: fields `_pad_producer` and `_pad_consumer` of struct `SynapseHeader` are private
  --> reactor\src\main.rs:18:9
   |
15 |     let header = Arc::new(SynapseHeader {
   |                           ------------- in this type
...
18 |         _pad_producer: [0; 120],
   |         ^^^^^^^^^^^^^ private field
...
21 |         _pad_consumer: [0; 120],
   |         ^^^^^^^^^^^^^ private field

For more information about this error, try `rustc --explain E0451`.
warning: `reactor` (bin "reactor") generated 1 warning
error: could not compile `reactor` (bin "reactor") due to 1 previous error; 1 warning emitted
